Archive member included to satisfy reference by file (symbol)

c:/program files/microchip/xc8/v2.46/avr/bin/../lib/gcc/avr/5.4.0/../../../../avr/lib/avr5\libm.a(divsf3.o)
                              build/default/debug/MCAL/timer_driver.o (__divsf3)
c:/program files/microchip/xc8/v2.46/avr/bin/../lib/gcc/avr/5.4.0/../../../../avr/lib/avr5\libm.a(divsf3x.o)
                              c:/program files/microchip/xc8/v2.46/avr/bin/../lib/gcc/avr/5.4.0/../../../../avr/lib/avr5\libm.a(divsf3.o) (__divsf3x)
c:/program files/microchip/xc8/v2.46/avr/bin/../lib/gcc/avr/5.4.0/../../../../avr/lib/avr5\libm.a(fixunssfsi.o)
                              build/default/debug/MCAL/timer_driver.o (__fixunssfsi)
c:/program files/microchip/xc8/v2.46/avr/bin/../lib/gcc/avr/5.4.0/../../../../avr/lib/avr5\libm.a(fp_inf.o)
                              c:/program files/microchip/xc8/v2.46/avr/bin/../lib/gcc/avr/5.4.0/../../../../avr/lib/avr5\libm.a(divsf3x.o) (__fp_inf)
c:/program files/microchip/xc8/v2.46/avr/bin/../lib/gcc/avr/5.4.0/../../../../avr/lib/avr5\libm.a(fp_nan.o)
                              c:/program files/microchip/xc8/v2.46/avr/bin/../lib/gcc/avr/5.4.0/../../../../avr/lib/avr5\libm.a(divsf3x.o) (__fp_nan)
c:/program files/microchip/xc8/v2.46/avr/bin/../lib/gcc/avr/5.4.0/../../../../avr/lib/avr5\libm.a(fp_pscA.o)
                              c:/program files/microchip/xc8/v2.46/avr/bin/../lib/gcc/avr/5.4.0/../../../../avr/lib/avr5\libm.a(divsf3x.o) (__fp_pscA)
c:/program files/microchip/xc8/v2.46/avr/bin/../lib/gcc/avr/5.4.0/../../../../avr/lib/avr5\libm.a(fp_pscB.o)
                              c:/program files/microchip/xc8/v2.46/avr/bin/../lib/gcc/avr/5.4.0/../../../../avr/lib/avr5\libm.a(divsf3x.o) (__fp_pscB)
c:/program files/microchip/xc8/v2.46/avr/bin/../lib/gcc/avr/5.4.0/../../../../avr/lib/avr5\libm.a(fp_round.o)
                              c:/program files/microchip/xc8/v2.46/avr/bin/../lib/gcc/avr/5.4.0/../../../../avr/lib/avr5\libm.a(divsf3.o) (__fp_round)
c:/program files/microchip/xc8/v2.46/avr/bin/../lib/gcc/avr/5.4.0/../../../../avr/lib/avr5\libm.a(fp_split3.o)
                              c:/program files/microchip/xc8/v2.46/avr/bin/../lib/gcc/avr/5.4.0/../../../../avr/lib/avr5\libm.a(divsf3x.o) (__fp_split3)
c:/program files/microchip/xc8/v2.46/avr/bin/../lib/gcc/avr/5.4.0/../../../../avr/lib/avr5\libm.a(fp_zero.o)
                              c:/program files/microchip/xc8/v2.46/avr/bin/../lib/gcc/avr/5.4.0/../../../../avr/lib/avr5\libm.a(fixunssfsi.o) (__fp_zero)
c:/program files/microchip/xc8/v2.46/avr/bin/../lib/gcc/avr/5.4.0/../../../../avr/lib/avr5\libm.a(mulsf3.o)
                              build/default/debug/MCAL/timer_driver.o (__mulsf3)
c:/program files/microchip/xc8/v2.46/avr/bin/../lib/gcc/avr/5.4.0/../../../../avr/lib/avr5\libm.a(mulsf3x.o)
                              c:/program files/microchip/xc8/v2.46/avr/bin/../lib/gcc/avr/5.4.0/../../../../avr/lib/avr5\libm.a(mulsf3.o) (__mulsf3x)
c:/program files/microchip/xc8/v2.46/avr/bin/../lib/gcc/avr/5.4.0/avr5\libgcc.a(_udivmodsi4.o)
                              build/default/debug/MCAL/uart.o (__udivmodsi4)
c:/program files/microchip/xc8/v2.46/avr/bin/../lib/gcc/avr/5.4.0/avr5\libgcc.a(_copy_data.o)
                              build/default/debug/main.o (__do_copy_data)
c:/program files/microchip/xc8/v2.46/avr/bin/../lib/gcc/avr/5.4.0/../../../../avr/lib/avr5\libc.a(exit.o)
                              C:/Program Files/Microchip/MPLABX/v6.20/packs/Microchip/ATmega_DFP/3.1.264/xc8/avr/lib/avr5/crtatmega32.o (exit)
c:/program files/microchip/xc8/v2.46/avr/bin/../lib/gcc/avr/5.4.0/../../../../avr/lib/avr5\libc.a(_Exit.o)
                              c:/program files/microchip/xc8/v2.46/avr/bin/../lib/gcc/avr/5.4.0/../../../../avr/lib/avr5\libc.a(exit.o) (_Exit)
c:/program files/microchip/xc8/v2.46/avr/bin/../lib/gcc/avr/5.4.0/avr5\libgcc.a(_exit.o)
                              c:/program files/microchip/xc8/v2.46/avr/bin/../lib/gcc/avr/5.4.0/../../../../avr/lib/avr5\libc.a(_Exit.o) (_exit)

Discarded input sections

 .data          0x0000000000000000        0x0 C:/Program Files/Microchip/MPLABX/v6.20/packs/Microchip/ATmega_DFP/3.1.264/xc8/avr/lib/avr5/crtatmega32.o
 .bss           0x0000000000000000        0x0 C:/Program Files/Microchip/MPLABX/v6.20/packs/Microchip/ATmega_DFP/3.1.264/xc8/avr/lib/avr5/crtatmega32.o
 .text          0x0000000000000000        0x0 build/default/debug/HAL/LCD.o
 .data          0x0000000000000000        0x0 build/default/debug/HAL/LCD.o
 .bss           0x0000000000000000        0x0 build/default/debug/HAL/LCD.o
 .text          0x0000000000000000        0x0 build/default/debug/HAL/LED.o
 .data          0x0000000000000000        0x0 build/default/debug/HAL/LED.o
 .bss           0x0000000000000000        0x0 build/default/debug/HAL/LED.o
 .text.LED_vTurnOn
                0x0000000000000000        0x8 build/default/debug/HAL/LED.o
 .text.LED_vTurnOff
                0x0000000000000000        0x8 build/default/debug/HAL/LED.o
 .text.LED_vToggle
                0x0000000000000000        0x6 build/default/debug/HAL/LED.o
 .text.LED_u8ReadStatus
                0x0000000000000000        0x6 build/default/debug/HAL/LED.o
 .text          0x0000000000000000        0x0 build/default/debug/MCAL/DIO.o
 .data          0x0000000000000000        0x0 build/default/debug/MCAL/DIO.o
 .bss           0x0000000000000000        0x0 build/default/debug/MCAL/DIO.o
 .text.DIO_u8read
                0x0000000000000000       0xaa build/default/debug/MCAL/DIO.o
 .text.DIO_toggle
                0x0000000000000000       0x6e build/default/debug/MCAL/DIO.o
 .text.dio_write_highnibble
                0x0000000000000000       0x3e build/default/debug/MCAL/DIO.o
 .text.clear_high_nibble
                0x0000000000000000       0x36 build/default/debug/MCAL/DIO.o
 .text.DIO_vconnectpullup
                0x0000000000000000      0x122 build/default/debug/MCAL/DIO.o
 .text          0x0000000000000000        0x0 build/default/debug/MCAL/timer_driver.o
 .data          0x0000000000000000        0x0 build/default/debug/MCAL/timer_driver.o
 .bss           0x0000000000000000        0x0 build/default/debug/MCAL/timer_driver.o
 .text.timer0_initializeCTC
                0x0000000000000000       0x2c build/default/debug/MCAL/timer_driver.o
 .text.timer0_stop
                0x0000000000000000       0x14 build/default/debug/MCAL/timer_driver.o
 .text.timer_initializefastpwm
                0x0000000000000000       0x32 build/default/debug/MCAL/timer_driver.o
 .text.change_dutycycle
                0x0000000000000000       0x20 build/default/debug/MCAL/timer_driver.o
 .debug_info    0x0000000000000000      0x359 build/default/debug/MCAL/timer_driver.o
 .debug_abbrev  0x0000000000000000       0x6d build/default/debug/MCAL/timer_driver.o
 .debug_loc     0x0000000000000000       0x2f build/default/debug/MCAL/timer_driver.o
 .debug_aranges
                0x0000000000000000       0x38 build/default/debug/MCAL/timer_driver.o
 .debug_ranges  0x0000000000000000       0x28 build/default/debug/MCAL/timer_driver.o
 .debug_line    0x0000000000000000      0x14f build/default/debug/MCAL/timer_driver.o
 .debug_str     0x0000000000000000        0x0 build/default/debug/MCAL/timer_driver.o
 .comment       0x0000000000000000       0x30 build/default/debug/MCAL/timer_driver.o
 .debug_frame   0x0000000000000000       0x54 build/default/debug/MCAL/timer_driver.o
 .text          0x0000000000000000        0x0 build/default/debug/main.o
 .data          0x0000000000000000        0x0 build/default/debug/main.o
 .bss           0x0000000000000000        0x0 build/default/debug/main.o
 .text          0x0000000000000000        0x0 build/default/debug/MCAL/uart.o
 .data          0x0000000000000000        0x0 build/default/debug/MCAL/uart.o
 .bss           0x0000000000000000        0x0 build/default/debug/MCAL/uart.o
 .text.USART_SendByte
                0x0000000000000000        0x8 build/default/debug/MCAL/uart.o
 .text.USART_SendString
                0x0000000000000000       0x1e build/default/debug/MCAL/uart.o
 .text          0x0000000000000000        0x8 c:/program files/microchip/xc8/v2.46/avr/bin/../lib/gcc/avr/5.4.0/../../../../avr/lib/avr5\libm.a(divsf3.o)
 .data          0x0000000000000000        0x0 c:/program files/microchip/xc8/v2.46/avr/bin/../lib/gcc/avr/5.4.0/../../../../avr/lib/avr5\libm.a(divsf3.o)
 .bss           0x0000000000000000        0x0 c:/program files/microchip/xc8/v2.46/avr/bin/../lib/gcc/avr/5.4.0/../../../../avr/lib/avr5\libm.a(divsf3.o)
 .stack.descriptors.hdr
                0x0000000000000000        0xe c:/program files/microchip/xc8/v2.46/avr/bin/../lib/gcc/avr/5.4.0/../../../../avr/lib/avr5\libm.a(divsf3.o)
 .stack.descriptors
                0x0000000000000000       0x16 c:/program files/microchip/xc8/v2.46/avr/bin/../lib/gcc/avr/5.4.0/../../../../avr/lib/avr5\libm.a(divsf3.o)
 .note.GNU-stack
                0x0000000000000000        0x0 c:/program files/microchip/xc8/v2.46/avr/bin/../lib/gcc/avr/5.4.0/../../../../avr/lib/avr5\libm.a(divsf3.o)
 .text          0x0000000000000000       0xde c:/program files/microchip/xc8/v2.46/avr/bin/../lib/gcc/avr/5.4.0/../../../../avr/lib/avr5\libm.a(divsf3x.o)
 .data          0x0000000000000000        0x0 c:/program files/microchip/xc8/v2.46/avr/bin/../lib/gcc/avr/5.4.0/../../../../avr/lib/avr5\libm.a(divsf3x.o)
 .bss           0x0000000000000000        0x0 c:/program files/microchip/xc8/v2.46/avr/bin/../lib/gcc/avr/5.4.0/../../../../avr/lib/avr5\libm.a(divsf3x.o)
 .stack.descriptors.hdr
                0x0000000000000000        0xe c:/program files/microchip/xc8/v2.46/avr/bin/../lib/gcc/avr/5.4.0/../../../../avr/lib/avr5\libm.a(divsf3x.o)
 .stack.descriptors
                0x0000000000000000       0x31 c:/program files/microchip/xc8/v2.46/avr/bin/../lib/gcc/avr/5.4.0/../../../../avr/lib/avr5\libm.a(divsf3x.o)
 .note.GNU-stack
                0x0000000000000000        0x0 c:/program files/microchip/xc8/v2.46/avr/bin/../lib/gcc/avr/5.4.0/../../../../avr/lib/avr5\libm.a(divsf3x.o)
 .text          0x0000000000000000       0x5e c:/program files/microchip/xc8/v2.46/avr/bin/../lib/gcc/avr/5.4.0/../../../../avr/lib/avr5\libm.a(fixunssfsi.o)
 .data          0x0000000000000000        0x0 c:/program files/microchip/xc8/v2.46/avr/bin/../lib/gcc/avr/5.4.0/../../../../avr/lib/avr5\libm.a(fixunssfsi.o)
 .bss           0x0000000000000000        0x0 c:/program files/microchip/xc8/v2.46/avr/bin/../lib/gcc/avr/5.4.0/../../../../avr/lib/avr5\libm.a(fixunssfsi.o)
 .stack.descriptors.hdr
                0x0000000000000000        0xe c:/program files/microchip/xc8/v2.46/avr/bin/../lib/gcc/avr/5.4.0/../../../../avr/lib/avr5\libm.a(fixunssfsi.o)
 .stack.descriptors
                0x0000000000000000       0x1a c:/program files/microchip/xc8/v2.46/avr/bin/../lib/gcc/avr/5.4.0/../../../../avr/lib/avr5\libm.a(fixunssfsi.o)
 .note.GNU-stack
                0x0000000000000000        0x0 c:/program files/microchip/xc8/v2.46/avr/bin/../lib/gcc/avr/5.4.0/../../../../avr/lib/avr5\libm.a(fixunssfsi.o)
 .text          0x0000000000000000        0xc c:/program files/microchip/xc8/v2.46/avr/bin/../lib/gcc/avr/5.4.0/../../../../avr/lib/avr5\libm.a(fp_inf.o)
 .data          0x0000000000000000        0x0 c:/program files/microchip/xc8/v2.46/avr/bin/../lib/gcc/avr/5.4.0/../../../../avr/lib/avr5\libm.a(fp_inf.o)
 .bss           0x0000000000000000        0x0 c:/program files/microchip/xc8/v2.46/avr/bin/../lib/gcc/avr/5.4.0/../../../../avr/lib/avr5\libm.a(fp_inf.o)
 .stack.descriptors.hdr
                0x0000000000000000        0xe c:/program files/microchip/xc8/v2.46/avr/bin/../lib/gcc/avr/5.4.0/../../../../avr/lib/avr5\libm.a(fp_inf.o)
 .stack.descriptors
                0x0000000000000000       0x16 c:/program files/microchip/xc8/v2.46/avr/bin/../lib/gcc/avr/5.4.0/../../../../avr/lib/avr5\libm.a(fp_inf.o)
 .note.GNU-stack
                0x0000000000000000        0x0 c:/program files/microchip/xc8/v2.46/avr/bin/../lib/gcc/avr/5.4.0/../../../../avr/lib/avr5\libm.a(fp_inf.o)
 .text          0x0000000000000000        0x6 c:/program files/microchip/xc8/v2.46/avr/bin/../lib/gcc/avr/5.4.0/../../../../avr/lib/avr5\libm.a(fp_nan.o)
 .data          0x0000000000000000        0x0 c:/program files/microchip/xc8/v2.46/avr/bin/../lib/gcc/avr/5.4.0/../../../../avr/lib/avr5\libm.a(fp_nan.o)
 .bss           0x0000000000000000        0x0 c:/program files/microchip/xc8/v2.46/avr/bin/../lib/gcc/avr/5.4.0/../../../../avr/lib/avr5\libm.a(fp_nan.o)
 .stack.descriptors.hdr
                0x0000000000000000        0xe c:/program files/microchip/xc8/v2.46/avr/bin/../lib/gcc/avr/5.4.0/../../../../avr/lib/avr5\libm.a(fp_nan.o)
 .stack.descriptors
                0x0000000000000000       0x16 c:/program files/microchip/xc8/v2.46/avr/bin/../lib/gcc/avr/5.4.0/../../../../avr/lib/avr5\libm.a(fp_nan.o)
 .note.GNU-stack
                0x0000000000000000        0x0 c:/program files/microchip/xc8/v2.46/avr/bin/../lib/gcc/avr/5.4.0/../../../../avr/lib/avr5\libm.a(fp_nan.o)
 .text          0x0000000000000000        0xe c:/program files/microchip/xc8/v2.46/avr/bin/../lib/gcc/avr/5.4.0/../../../../avr/lib/avr5\libm.a(fp_pscA.o)
 .data          0x0000000000000000        0x0 c:/program files/microchip/xc8/v2.46/avr/bin/../lib/gcc/avr/5.4.0/../../../../avr/lib/avr5\libm.a(fp_pscA.o)
 .bss           0x0000000000000000        0x0 c:/program files/microchip/xc8/v2.46/avr/bin/../lib/gcc/avr/5.4.0/../../../../avr/lib/avr5\libm.a(fp_pscA.o)
 .stack.descriptors.hdr
                0x0000000000000000        0xe c:/program files/microchip/xc8/v2.46/avr/bin/../lib/gcc/avr/5.4.0/../../../../avr/lib/avr5\libm.a(fp_pscA.o)
 .stack.descriptors
                0x0000000000000000       0x17 c:/program files/microchip/xc8/v2.46/avr/bin/../lib/gcc/avr/5.4.0/../../../../avr/lib/avr5\libm.a(fp_pscA.o)
 .note.GNU-stack
                0x0000000000000000        0x0 c:/program files/microchip/xc8/v2.46/avr/bin/../lib/gcc/avr/5.4.0/../../../../avr/lib/avr5\libm.a(fp_pscA.o)
 .text          0x0000000000000000        0xe c:/program files/microchip/xc8/v2.46/avr/bin/../lib/gcc/avr/5.4.0/../../../../avr/lib/avr5\libm.a(fp_pscB.o)
 .data          0x0000000000000000        0x0 c:/program files/microchip/xc8/v2.46/avr/bin/../lib/gcc/avr/5.4.0/../../../../avr/lib/avr5\libm.a(fp_pscB.o)
 .bss           0x0000000000000000        0x0 c:/program files/microchip/xc8/v2.46/avr/bin/../lib/gcc/avr/5.4.0/../../../../avr/lib/avr5\libm.a(fp_pscB.o)
 .stack.descriptors.hdr
                0x0000000000000000        0xe c:/program files/microchip/xc8/v2.46/avr/bin/../lib/gcc/avr/5.4.0/../../../../avr/lib/avr5\libm.a(fp_pscB.o)
 .stack.descriptors
                0x0000000000000000       0x17 c:/program files/microchip/xc8/v2.46/avr/bin/../lib/gcc/avr/5.4.0/../../../../avr/lib/avr5\libm.a(fp_pscB.o)
 .note.GNU-stack
                0x0000000000000000        0x0 c:/program files/microchip/xc8/v2.46/avr/bin/../lib/gcc/avr/5.4.0/../../../../avr/lib/avr5\libm.a(fp_pscB.o)
 .text          0x0000000000000000       0x22 c:/program files/microchip/xc8/v2.46/avr/bin/../lib/gcc/avr/5.4.0/../../../../avr/lib/avr5\libm.a(fp_round.o)
 .data          0x0000000000000000        0x0 c:/program files/microchip/xc8/v2.46/avr/bin/../lib/gcc/avr/5.4.0/../../../../avr/lib/avr5\libm.a(fp_round.o)
 .bss           0x0000000000000000        0x0 c:/program files/microchip/xc8/v2.46/avr/bin/../lib/gcc/avr/5.4.0/../../../../avr/lib/avr5\libm.a(fp_round.o)
 .stack.descriptors.hdr
                0x0000000000000000        0xe c:/program files/microchip/xc8/v2.46/avr/bin/../lib/gcc/avr/5.4.0/../../../../avr/lib/avr5\libm.a(fp_round.o)
 .stack.descriptors
                0x0000000000000000       0x18 c:/program files/microchip/xc8/v2.46/avr/bin/../lib/gcc/avr/5.4.0/../../../../avr/lib/avr5\libm.a(fp_round.o)
 .note.GNU-stack
                0x0000000000000000        0x0 c:/program files/microchip/xc8/v2.46/avr/bin/../lib/gcc/avr/5.4.0/../../../../avr/lib/avr5\libm.a(fp_round.o)
 .text          0x0000000000000000       0x44 c:/program files/microchip/xc8/v2.46/avr/bin/../lib/gcc/avr/5.4.0/../../../../avr/lib/avr5\libm.a(fp_split3.o)
 .data          0x0000000000000000        0x0 c:/program files/microchip/xc8/v2.46/avr/bin/../lib/gcc/avr/5.4.0/../../../../avr/lib/avr5\libm.a(fp_split3.o)
 .bss           0x0000000000000000        0x0 c:/program files/microchip/xc8/v2.46/avr/bin/../lib/gcc/avr/5.4.0/../../../../avr/lib/avr5\libm.a(fp_split3.o)
 .stack.descriptors.hdr
                0x0000000000000000        0xe c:/program files/microchip/xc8/v2.46/avr/bin/../lib/gcc/avr/5.4.0/../../../../avr/lib/avr5\libm.a(fp_split3.o)
 .stack.descriptors
                0x0000000000000000       0x32 c:/program files/microchip/xc8/v2.46/avr/bin/../lib/gcc/avr/5.4.0/../../../../avr/lib/avr5\libm.a(fp_split3.o)
 .note.GNU-stack
                0x0000000000000000        0x0 c:/program files/microchip/xc8/v2.46/avr/bin/../lib/gcc/avr/5.4.0/../../../../avr/lib/avr5\libm.a(fp_split3.o)
 .text          0x0000000000000000        0xe c:/program files/microchip/xc8/v2.46/avr/bin/../lib/gcc/avr/5.4.0/../../../../avr/lib/avr5\libm.a(fp_zero.o)
 .data          0x0000000000000000        0x0 c:/program files/microchip/xc8/v2.46/avr/bin/../lib/gcc/avr/5.4.0/../../../../avr/lib/avr5\libm.a(fp_zero.o)
 .bss           0x0000000000000000        0x0 c:/program files/microchip/xc8/v2.46/avr/bin/../lib/gcc/avr/5.4.0/../../../../avr/lib/avr5\libm.a(fp_zero.o)
 .stack.descriptors.hdr
                0x0000000000000000        0xe c:/program files/microchip/xc8/v2.46/avr/bin/../lib/gcc/avr/5.4.0/../../../../avr/lib/avr5\libm.a(fp_zero.o)
 .stack.descriptors
                0x0000000000000000       0x2f c:/program files/microchip/xc8/v2.46/avr/bin/../lib/gcc/avr/5.4.0/../../../../avr/lib/avr5\libm.a(fp_zero.o)
 .note.GNU-stack
                0x0000000000000000        0x0 c:/program files/microchip/xc8/v2.46/avr/bin/../lib/gcc/avr/5.4.0/../../../../avr/lib/avr5\libm.a(fp_zero.o)
 .text          0x0000000000000000        0x8 c:/program files/microchip/xc8/v2.46/avr/bin/../lib/gcc/avr/5.4.0/../../../../avr/lib/avr5\libm.a(mulsf3.o)
 .data          0x0000000000000000        0x0 c:/program files/microchip/xc8/v2.46/avr/bin/../lib/gcc/avr/5.4.0/../../../../avr/lib/avr5\libm.a(mulsf3.o)
 .bss           0x0000000000000000        0x0 c:/program files/microchip/xc8/v2.46/avr/bin/../lib/gcc/avr/5.4.0/../../../../avr/lib/avr5\libm.a(mulsf3.o)
 .stack.descriptors.hdr
                0x0000000000000000        0xe c:/program files/microchip/xc8/v2.46/avr/bin/../lib/gcc/avr/5.4.0/../../../../avr/lib/avr5\libm.a(mulsf3.o)
 .stack.descriptors
                0x0000000000000000       0x16 c:/program files/microchip/xc8/v2.46/avr/bin/../lib/gcc/avr/5.4.0/../../../../avr/lib/avr5\libm.a(mulsf3.o)
 .note.GNU-stack
                0x0000000000000000        0x0 c:/program files/microchip/xc8/v2.46/avr/bin/../lib/gcc/avr/5.4.0/../../../../avr/lib/avr5\libm.a(mulsf3.o)
 .text          0x0000000000000000       0xd4 c:/program files/microchip/xc8/v2.46/avr/bin/../lib/gcc/avr/5.4.0/../../../../avr/lib/avr5\libm.a(mulsf3x.o)
 .data          0x0000000000000000        0x0 c:/program files/microchip/xc8/v2.46/avr/bin/../lib/gcc/avr/5.4.0/../../../../avr/lib/avr5\libm.a(mulsf3x.o)
 .bss           0x0000000000000000        0x0 c:/program files/microchip/xc8/v2.46/avr/bin/../lib/gcc/avr/5.4.0/../../../../avr/lib/avr5\libm.a(mulsf3x.o)
 .stack.descriptors.hdr
                0x0000000000000000        0xe c:/program files/microchip/xc8/v2.46/avr/bin/../lib/gcc/avr/5.4.0/../../../../avr/lib/avr5\libm.a(mulsf3x.o)
 .stack.descriptors
                0x0000000000000000       0x31 c:/program files/microchip/xc8/v2.46/avr/bin/../lib/gcc/avr/5.4.0/../../../../avr/lib/avr5\libm.a(mulsf3x.o)
 .note.GNU-stack
                0x0000000000000000        0x0 c:/program files/microchip/xc8/v2.46/avr/bin/../lib/gcc/avr/5.4.0/../../../../avr/lib/avr5\libm.a(mulsf3x.o)
 .text          0x0000000000000000        0x0 c:/program files/microchip/xc8/v2.46/avr/bin/../lib/gcc/avr/5.4.0/avr5\libgcc.a(_udivmodsi4.o)
 .data          0x0000000000000000        0x0 c:/program files/microchip/xc8/v2.46/avr/bin/../lib/gcc/avr/5.4.0/avr5\libgcc.a(_udivmodsi4.o)
 .bss           0x0000000000000000        0x0 c:/program files/microchip/xc8/v2.46/avr/bin/../lib/gcc/avr/5.4.0/avr5\libgcc.a(_udivmodsi4.o)
 .text.libgcc.mul
                0x0000000000000000        0x0 c:/program files/microchip/xc8/v2.46/avr/bin/../lib/gcc/avr/5.4.0/avr5\libgcc.a(_udivmodsi4.o)
 .stack.descriptors
                0x0000000000000000       0x1a c:/program files/microchip/xc8/v2.46/avr/bin/../lib/gcc/avr/5.4.0/avr5\libgcc.a(_udivmodsi4.o)
 .text.libgcc   0x0000000000000000        0x0 c:/program files/microchip/xc8/v2.46/avr/bin/../lib/gcc/avr/5.4.0/avr5\libgcc.a(_udivmodsi4.o)
 .text.libgcc.prologue
                0x0000000000000000        0x0 c:/program files/microchip/xc8/v2.46/avr/bin/../lib/gcc/avr/5.4.0/avr5\libgcc.a(_udivmodsi4.o)
 .text.libgcc.builtins
                0x0000000000000000        0x0 c:/program files/microchip/xc8/v2.46/avr/bin/../lib/gcc/avr/5.4.0/avr5\libgcc.a(_udivmodsi4.o)
 .text.libgcc.fmul
                0x0000000000000000        0x0 c:/program files/microchip/xc8/v2.46/avr/bin/../lib/gcc/avr/5.4.0/avr5\libgcc.a(_udivmodsi4.o)
 .text.libgcc.fixed
                0x0000000000000000        0x0 c:/program files/microchip/xc8/v2.46/avr/bin/../lib/gcc/avr/5.4.0/avr5\libgcc.a(_udivmodsi4.o)
 .text          0x0000000000000000        0x0 c:/program files/microchip/xc8/v2.46/avr/bin/../lib/gcc/avr/5.4.0/avr5\libgcc.a(_copy_data.o)
 .data          0x0000000000000000        0x0 c:/program files/microchip/xc8/v2.46/avr/bin/../lib/gcc/avr/5.4.0/avr5\libgcc.a(_copy_data.o)
 .bss           0x0000000000000000        0x0 c:/program files/microchip/xc8/v2.46/avr/bin/../lib/gcc/avr/5.4.0/avr5\libgcc.a(_copy_data.o)
 .text.libgcc.mul
                0x0000000000000000        0x0 c:/program files/microchip/xc8/v2.46/avr/bin/../lib/gcc/avr/5.4.0/avr5\libgcc.a(_copy_data.o)
 .text.libgcc.div
                0x0000000000000000        0x0 c:/program files/microchip/xc8/v2.46/avr/bin/../lib/gcc/avr/5.4.0/avr5\libgcc.a(_copy_data.o)
 .text.libgcc   0x0000000000000000        0x0 c:/program files/microchip/xc8/v2.46/avr/bin/../lib/gcc/avr/5.4.0/avr5\libgcc.a(_copy_data.o)
 .text.libgcc.prologue
                0x0000000000000000        0x0 c:/program files/microchip/xc8/v2.46/avr/bin/../lib/gcc/avr/5.4.0/avr5\libgcc.a(_copy_data.o)
 .text.libgcc.builtins
                0x0000000000000000        0x0 c:/program files/microchip/xc8/v2.46/avr/bin/../lib/gcc/avr/5.4.0/avr5\libgcc.a(_copy_data.o)
 .text.libgcc.fmul
                0x0000000000000000        0x0 c:/program files/microchip/xc8/v2.46/avr/bin/../lib/gcc/avr/5.4.0/avr5\libgcc.a(_copy_data.o)
 .text.libgcc.fixed
                0x0000000000000000        0x0 c:/program files/microchip/xc8/v2.46/avr/bin/../lib/gcc/avr/5.4.0/avr5\libgcc.a(_copy_data.o)
 .text          0x0000000000000000        0x0 c:/program files/microchip/xc8/v2.46/avr/bin/../lib/gcc/avr/5.4.0/../../../../avr/lib/avr5\libc.a(exit.o)
 .data          0x0000000000000000        0x0 c:/program files/microchip/xc8/v2.46/avr/bin/../lib/gcc/avr/5.4.0/../../../../avr/lib/avr5\libc.a(exit.o)
 .bss           0x0000000000000000        0x0 c:/program files/microchip/xc8/v2.46/avr/bin/../lib/gcc/avr/5.4.0/../../../../avr/lib/avr5\libc.a(exit.o)
 .stack.descriptors
                0x0000000000000000       0x73 c:/program files/microchip/xc8/v2.46/avr/bin/../lib/gcc/avr/5.4.0/../../../../avr/lib/avr5\libc.a(exit.o)
 .text          0x0000000000000000        0x0 c:/program files/microchip/xc8/v2.46/avr/bin/../lib/gcc/avr/5.4.0/../../../../avr/lib/avr5\libc.a(_Exit.o)
 .data          0x0000000000000000        0x0 c:/program files/microchip/xc8/v2.46/avr/bin/../lib/gcc/avr/5.4.0/../../../../avr/lib/avr5\libc.a(_Exit.o)
 .bss           0x0000000000000000        0x0 c:/program files/microchip/xc8/v2.46/avr/bin/../lib/gcc/avr/5.4.0/../../../../avr/lib/avr5\libc.a(_Exit.o)
 .stack.descriptors
                0x0000000000000000       0x13 c:/program files/microchip/xc8/v2.46/avr/bin/../lib/gcc/avr/5.4.0/../../../../avr/lib/avr5\libc.a(_Exit.o)
 .text          0x0000000000000000        0x0 c:/program files/microchip/xc8/v2.46/avr/bin/../lib/gcc/avr/5.4.0/avr5\libgcc.a(_exit.o)
 .data          0x0000000000000000        0x0 c:/program files/microchip/xc8/v2.46/avr/bin/../lib/gcc/avr/5.4.0/avr5\libgcc.a(_exit.o)
 .bss           0x0000000000000000        0x0 c:/program files/microchip/xc8/v2.46/avr/bin/../lib/gcc/avr/5.4.0/avr5\libgcc.a(_exit.o)
 .text.libgcc.mul
                0x0000000000000000        0x0 c:/program files/microchip/xc8/v2.46/avr/bin/../lib/gcc/avr/5.4.0/avr5\libgcc.a(_exit.o)
 .text.libgcc.div
                0x0000000000000000        0x0 c:/program files/microchip/xc8/v2.46/avr/bin/../lib/gcc/avr/5.4.0/avr5\libgcc.a(_exit.o)
 .text.libgcc   0x0000000000000000        0x0 c:/program files/microchip/xc8/v2.46/avr/bin/../lib/gcc/avr/5.4.0/avr5\libgcc.a(_exit.o)
 .text.libgcc.prologue
                0x0000000000000000        0x0 c:/program files/microchip/xc8/v2.46/avr/bin/../lib/gcc/avr/5.4.0/avr5\libgcc.a(_exit.o)
 .stack.descriptors
                0x0000000000000000       0x13 c:/program files/microchip/xc8/v2.46/avr/bin/../lib/gcc/avr/5.4.0/avr5\libgcc.a(_exit.o)
 .text.libgcc.builtins
                0x0000000000000000        0x0 c:/program files/microchip/xc8/v2.46/avr/bin/../lib/gcc/avr/5.4.0/avr5\libgcc.a(_exit.o)
 .text.libgcc.fmul
                0x0000000000000000        0x0 c:/program files/microchip/xc8/v2.46/avr/bin/../lib/gcc/avr/5.4.0/avr5\libgcc.a(_exit.o)
 .text.libgcc.fixed
                0x0000000000000000        0x0 c:/program files/microchip/xc8/v2.46/avr/bin/../lib/gcc/avr/5.4.0/avr5\libgcc.a(_exit.o)

Memory Configuration

Name             Origin             Length             Attributes
text             0x0000000000000000 0x0000000000008000 xr
data             0x0000000000800060 0x0000000000000800 rw !x
eeprom           0x0000000000810000 0x0000000000000400 rw !x
fuse             0x0000000000820000 0x0000000000000002 rw !x
lock             0x0000000000830000 0x0000000000000400 rw !x
signature        0x0000000000840000 0x0000000000000400 rw !x
user_signatures  0x0000000000850000 0x0000000000000400 rw !x
bootrow          0x0000000000860000 0x0000000000000400 rw !x
*default*        0x0000000000000000 0xffffffffffffffff

Linker script and memory map

LOAD C:/Program Files/Microchip/MPLABX/v6.20/packs/Microchip/ATmega_DFP/3.1.264/xc8/avr/lib/avr5/crtatmega32.o
                0x0000000000000001                __MPLAB_BUILD = 0x1
LOAD build/default/debug/HAL/LCD.o
LOAD build/default/debug/HAL/LED.o
LOAD build/default/debug/MCAL/DIO.o
LOAD build/default/debug/MCAL/timer_driver.o
LOAD build/default/debug/main.o
LOAD build/default/debug/MCAL/uart.o
START GROUP
LOAD c:/program files/microchip/xc8/v2.46/avr/bin/../lib/gcc/avr/5.4.0/../../../../avr/lib/avr5\libm.a
END GROUP
                0x0000000000000001                __MPLAB_DEBUG = 0x1
                0x0000000000000001                __DEBUG = 0x1
START GROUP
LOAD c:/program files/microchip/xc8/v2.46/avr/bin/../lib/gcc/avr/5.4.0/avr5\libgcc.a
LOAD c:/program files/microchip/xc8/v2.46/avr/bin/../lib/gcc/avr/5.4.0/../../../../avr/lib/avr5\libm.a
LOAD c:/program files/microchip/xc8/v2.46/avr/bin/../lib/gcc/avr/5.4.0/../../../../avr/lib/avr5\libc.a
LOAD C:/Program Files/Microchip/MPLABX/v6.20/packs/Microchip/ATmega_DFP/3.1.264/xc8/avr/lib/avr5\libatmega32.a
END GROUP
                0x0000000000000000                __TEXT_REGION_ORIGIN__ = DEFINED (__TEXT_REGION_ORIGIN__)?__TEXT_REGION_ORIGIN__:0x0
                [0x0000000000800060]                __DATA_REGION_ORIGIN__ = DEFINED (__DATA_REGION_ORIGIN__)?__DATA_REGION_ORIGIN__:0x800060
                [0x0000000000008000]                __TEXT_REGION_LENGTH__ = DEFINED (__TEXT_REGION_LENGTH__)?__TEXT_REGION_LENGTH__:0x20000
                [0x0000000000000800]                __DATA_REGION_LENGTH__ = DEFINED (__DATA_REGION_LENGTH__)?__DATA_REGION_LENGTH__:0xffa0
                [0x0000000000000400]                __EEPROM_REGION_LENGTH__ = DEFINED (__EEPROM_REGION_LENGTH__)?__EEPROM_REGION_LENGTH__:0x10000
                [0x0000000000000002]                __FUSE_REGION_LENGTH__ = DEFINED (__FUSE_REGION_LENGTH__)?__FUSE_REGION_LENGTH__:0x400
                0x0000000000000400                __LOCK_REGION_LENGTH__ = DEFINED (__LOCK_REGION_LENGTH__)?__LOCK_REGION_LENGTH__:0x400
                0x0000000000000400                __SIGNATURE_REGION_LENGTH__ = DEFINED (__SIGNATURE_REGION_LENGTH__)?__SIGNATURE_REGION_LENGTH__:0x400
                0x0000000000000400                __USER_SIGNATURE_REGION_LENGTH__ = DEFINED (__USER_SIGNATURE_REGION_LENGTH__)?__USER_SIGNATURE_REGION_LENGTH__:0x400
                0x0000000000000400                __BOOTROW_REGION_LENGTH__ = DEFINED (__BOOTROW_REGION_LENGTH__)?__BOOTROW_REGION_LENGTH__:0x400

.hash
 *(.hash)

.dynsym
 *(.dynsym)

.dynstr
 *(.dynstr)

.gnu.version
 *(.gnu.version)

.gnu.version_d
 *(.gnu.version_d)

.gnu.version_r
 *(.gnu.version_r)

.rel.init
 *(.rel.init)

.rela.init
 *(.rela.init)

.rel.text
 *(.rel.text)
 *(.rel.text.*)
 *(.rel.gnu.linkonce.t*)

.rela.text
 *(.rela.text)
 *(.rela.text.*)
 *(.rela.gnu.linkonce.t*)

.rel.fini
 *(.rel.fini)

.rela.fini
 *(.rela.fini)

.rel.rodata
 *(.rel.rodata)
 *(.rel.rodata.*)
 *(.rel.gnu.linkonce.r*)

.rela.rodata
 *(.rela.rodata)
 *(.rela.rodata.*)
 *(.rela.gnu.linkonce.r*)

.rel.data
 *(.rel.data)
 *(.rel.data.*)
 *(.rel.gnu.linkonce.d*)

.rela.data
 *(.rela.data)
 *(.rela.data.*)
 *(.rela.gnu.linkonce.d*)

.rel.ctors
 *(.rel.ctors)

.rela.ctors
 *(.rela.ctors)

.rel.dtors
 *(.rel.dtors)

.rela.dtors
 *(.rela.dtors)

.rel.got
 *(.rel.got)

.rela.got
 *(.rela.got)

.rel.bss
 *(.rel.bss)

.rela.bss
 *(.rela.bss)

.rel.plt
 *(.rel.plt)

.rela.plt
 *(.rela.plt)

.text           0x0000000000000000       0xb0
 *(.vectors)
 .vectors       0x0000000000000000       0x54 C:/Program Files/Microchip/MPLABX/v6.20/packs/Microchip/ATmega_DFP/3.1.264/xc8/avr/lib/avr5/crtatmega32.o
                0x0000000000000000                __vector_default
                0x0000000000000000                __vectors
 *(.vectors)
 *(.progmem.gcc*)
 *(.dinit)
 .dinit         0x0000000000000054        0x7 data_init
                0x000000000000005c                . = ALIGN (0x2)
 *fill*         0x000000000000005b        0x1 
                0x000000000000005c                __trampolines_start = .
 *(.trampolines)
 .trampolines   0x000000000000005c        0x0 linker stubs
 *(.trampolines*)
                0x000000000000005c                __trampolines_end = .
 *libprintf_flt.a:*(.progmem.data)
 *libc.a:*(.progmem.data)
                0x000000000000005c                . = ALIGN (0x2)
 *(.jumptables)
 *(.jumptables*)
 *(.lowtext)
 *(.lowtext*)
                0x000000000000005c                __ctors_start = .
 *(.ctors)
                0x000000000000005c                __ctors_end = .
                0x000000000000005c                __dtors_start = .
 *(.dtors)
                0x000000000000005c                __dtors_end = .
 SORT(*)(.ctors)
 SORT(*)(.dtors)
 *(.init0)
 .init0         0x000000000000005c        0x0 C:/Program Files/Microchip/MPLABX/v6.20/packs/Microchip/ATmega_DFP/3.1.264/xc8/avr/lib/avr5/crtatmega32.o
                0x000000000000005c                __init
 *(.init0)
 *(.init1)
 *(.init1)
 *(.init2)
 .init2         0x000000000000005c        0xc C:/Program Files/Microchip/MPLABX/v6.20/packs/Microchip/ATmega_DFP/3.1.264/xc8/avr/lib/avr5/crtatmega32.o
 *(.init2)
 *(.init3)
 *(.init3)
 *(.init4)
 .init4         0x0000000000000068       0x3c c:/program files/microchip/xc8/v2.46/avr/bin/../lib/gcc/avr/5.4.0/avr5\libgcc.a(_copy_data.o)
                0x0000000000000068                __do_copy_data
                0x0000000000000096                __do_clear_bss
 *(.init4)
 *(.init5)
 *(.init5)
 *(.init6)
 *(.init6)
 *(.init7)
 *(.init7)
 *(.init8)
 *(.init8)
 *(.init9)
 .init9         0x00000000000000a4        0x8 C:/Program Files/Microchip/MPLABX/v6.20/packs/Microchip/ATmega_DFP/3.1.264/xc8/avr/lib/avr5/crtatmega32.o
 *(.init9)
                0x00000000000000ac                . = ALIGN (0x2)
 *(.fini9)
 .fini9         0x00000000000000ac        0x0 c:/program files/microchip/xc8/v2.46/avr/bin/../lib/gcc/avr/5.4.0/avr5\libgcc.a(_exit.o)
                0x00000000000000ac                _exit
 *(.fini9)
 *(.fini8)
 *(.fini8)
 *(.fini7)
 *(.fini7)
 *(.fini6)
 *(.fini6)
 *(.fini5)
 *(.fini5)
 *(.fini4)
 *(.fini4)
 *(.fini3)
 *(.fini3)
 *(.fini2)
 *(.fini2)
 *(.fini1)
 *(.fini1)
 *(.fini0)
 .fini0         0x00000000000000ac        0x4 c:/program files/microchip/xc8/v2.46/avr/bin/../lib/gcc/avr/5.4.0/avr5\libgcc.a(_exit.o)
 *(.fini0)
                0x00000000000000b0                _etext = .

.data           0x0000000000800060        0x0 load address 0x00000000000000b0
                [!provide]                        PROVIDE (__data_start, .)
 *(.gnu.linkonce.d*)
 *(.gnu.linkonce.r*)
                0x0000000000800060                . = ALIGN (0x2)
                0x0000000000800060                _edata = .
                [!provide]                        PROVIDE (__data_end, .)

.bss            0x0000000000800060        0x0
                [!provide]                        PROVIDE (__bss_start, .)
 *(COMMON)
                [!provide]                        PROVIDE (__bss_end, .)
                0x00000000000000b0                __data_load_start = LOADADDR (.data)
                0x00000000000000b0                __data_load_end = (__data_load_start + SIZEOF (.data))

.noinit         0x0000000000800060        0x0
                [!provide]                        PROVIDE (__noinit_start, .)
 *(.noinit*)
                [!provide]                        PROVIDE (__noinit_end, .)
                0x0000000000800060                _end = .

.eeprom         0x0000000000810000        0x0
 *(.eeprom*)
                0x0000000000810000                __eeprom_end = .

.fuse
 *(.fuse)
 *(.lfuse)
 *(.hfuse)
 *(.efuse)

.lock
 *(.lock*)

.signature
 *(.signature*)

.user_signatures
 *(.user_signatures*)

.bootrow
 *(.bootrow*)

.stab
 *(.stab)

.stabstr
 *(.stabstr)

.stab.excl
 *(.stab.excl)

.stab.exclstr
 *(.stab.exclstr)

.stab.index
 *(.stab.index)

.stab.indexstr
 *(.stab.indexstr)

.comment        0x0000000000000000       0x5b
 *(.comment)
 .comment       0x0000000000000000       0x2f build/default/debug/HAL/LCD.o
                                         0x30 (size before relaxing)
 .comment       0x000000000000002f       0x30 build/default/debug/HAL/LED.o
 .comment       0x000000000000002f       0x30 build/default/debug/MCAL/DIO.o
 .comment       0x000000000000002f       0x30 build/default/debug/main.o
 .comment       0x000000000000002f       0x30 build/default/debug/MCAL/uart.o
 .comment       0x000000000000002f       0x2c c:/program files/microchip/xc8/v2.46/avr/bin/../lib/gcc/avr/5.4.0/../../../../avr/lib/avr5\libc.a(exit.o)
                                         0x2d (size before relaxing)
 .comment       0x000000000000005b       0x2d c:/program files/microchip/xc8/v2.46/avr/bin/../lib/gcc/avr/5.4.0/../../../../avr/lib/avr5\libc.a(_Exit.o)

.stack.descriptors.hdr
                0x0000000000000000       0x38
 .stack.descriptors.hdr
                0x0000000000000000        0xe c:/program files/microchip/xc8/v2.46/avr/bin/../lib/gcc/avr/5.4.0/avr5\libgcc.a(_udivmodsi4.o)
 .stack.descriptors.hdr
                0x000000000000000e        0xe c:/program files/microchip/xc8/v2.46/avr/bin/../lib/gcc/avr/5.4.0/../../../../avr/lib/avr5\libc.a(exit.o)
 .stack.descriptors.hdr
                0x000000000000001c        0xe c:/program files/microchip/xc8/v2.46/avr/bin/../lib/gcc/avr/5.4.0/../../../../avr/lib/avr5\libc.a(_Exit.o)
 .stack.descriptors.hdr
                0x000000000000002a        0xe c:/program files/microchip/xc8/v2.46/avr/bin/../lib/gcc/avr/5.4.0/avr5\libgcc.a(_exit.o)

.note.GNU-stack
                0x0000000000000000        0x0
 .note.GNU-stack
                0x0000000000000000        0x0 c:/program files/microchip/xc8/v2.46/avr/bin/../lib/gcc/avr/5.4.0/../../../../avr/lib/avr5\libc.a(exit.o)
 .note.GNU-stack
                0x0000000000000000        0x0 c:/program files/microchip/xc8/v2.46/avr/bin/../lib/gcc/avr/5.4.0/../../../../avr/lib/avr5\libc.a(_Exit.o)

.note.gnu.build-id
 *(.note.gnu.build-id)

.debug
 *(.debug)

.line
 *(.line)

.debug_srcinfo
 *(.debug_srcinfo)

.debug_sfnames
 *(.debug_sfnames)

.debug_aranges  0x0000000000000000      0x148
 *(.debug_aranges)
 .debug_aranges
                0x0000000000000000       0x50 build/default/debug/HAL/LCD.o
 .debug_aranges
                0x0000000000000050       0x40 build/default/debug/HAL/LED.o
 .debug_aranges
                0x0000000000000090       0x58 build/default/debug/MCAL/DIO.o
 .debug_aranges
                0x00000000000000e8       0x20 build/default/debug/main.o
 .debug_aranges
                0x0000000000000108       0x40 build/default/debug/MCAL/uart.o

.debug_pubnames
 *(.debug_pubnames)

.debug_info     0x0000000000000000     0x1fb8
 *(.debug_info .gnu.linkonce.wi.*)
 .debug_info    0x0000000000000000      0x4e6 C:/Program Files/Microchip/MPLABX/v6.20/packs/Microchip/ATmega_DFP/3.1.264/xc8/avr/lib/avr5/crtatmega32.o
 .debug_info    0x00000000000004e6      0x7cb build/default/debug/HAL/LCD.o
 .debug_info    0x0000000000000cb1      0x4a1 build/default/debug/HAL/LED.o
 .debug_info    0x0000000000001152      0x506 build/default/debug/MCAL/DIO.o
 .debug_info    0x0000000000001658      0x57b build/default/debug/main.o
 .debug_info    0x0000000000001bd3      0x3e5 build/default/debug/MCAL/uart.o

.debug_abbrev   0x0000000000000000      0x94d
 *(.debug_abbrev)
 .debug_abbrev  0x0000000000000000      0x4a3 C:/Program Files/Microchip/MPLABX/v6.20/packs/Microchip/ATmega_DFP/3.1.264/xc8/avr/lib/avr5/crtatmega32.o
 .debug_abbrev  0x00000000000004a3      0x13d build/default/debug/HAL/LCD.o
 .debug_abbrev  0x00000000000005e0       0x9c build/default/debug/HAL/LED.o
 .debug_abbrev  0x000000000000067c       0xc7 build/default/debug/MCAL/DIO.o
 .debug_abbrev  0x0000000000000743      0x142 build/default/debug/main.o
 .debug_abbrev  0x0000000000000885       0xc8 build/default/debug/MCAL/uart.o

.debug_line     0x0000000000000000      0x9fa
 *(.debug_line .debug_line.* .debug_line_end)
 .debug_line    0x0000000000000000      0x116 C:/Program Files/Microchip/MPLABX/v6.20/packs/Microchip/ATmega_DFP/3.1.264/xc8/avr/lib/avr5/crtatmega32.o
 .debug_line    0x0000000000000116      0x240 build/default/debug/HAL/LCD.o
 .debug_line    0x0000000000000356       0xce build/default/debug/HAL/LED.o
 .debug_line    0x0000000000000424      0x329 build/default/debug/MCAL/DIO.o
 .debug_line    0x000000000000074d      0x14f build/default/debug/main.o
 .debug_line    0x000000000000089c      0x15e build/default/debug/MCAL/uart.o

.debug_frame    0x0000000000000000      0x248
 *(.debug_frame)
 .debug_frame   0x0000000000000000       0x90 build/default/debug/HAL/LCD.o
 .debug_frame   0x0000000000000090       0x64 build/default/debug/HAL/LED.o
 .debug_frame   0x00000000000000f4       0x94 build/default/debug/MCAL/DIO.o
 .debug_frame   0x0000000000000188       0x34 build/default/debug/main.o
 .debug_frame   0x00000000000001bc       0x8c build/default/debug/MCAL/uart.o

.debug_str      0x0000000000000000      0x276
 *(.debug_str)
 .debug_str     0x0000000000000000      0x196 C:/Program Files/Microchip/MPLABX/v6.20/packs/Microchip/ATmega_DFP/3.1.264/xc8/avr/lib/avr5/crtatmega32.o
 .debug_str     0x0000000000000196       0x28 build/default/debug/HAL/LCD.o
 .debug_str     0x00000000000001be       0x42 build/default/debug/HAL/LED.o
 .debug_str     0x0000000000000200       0x13 build/default/debug/MCAL/DIO.o
 .debug_str     0x0000000000000213       0x63 build/default/debug/main.o
 .debug_str     0x0000000000000276        0x0 build/default/debug/MCAL/uart.o

.debug_loc      0x0000000000000000      0x9a7
 *(.debug_loc)
 .debug_loc     0x0000000000000000      0x242 build/default/debug/HAL/LCD.o
 .debug_loc     0x0000000000000242      0x14a build/default/debug/HAL/LED.o
 .debug_loc     0x000000000000038c      0x4f4 build/default/debug/MCAL/DIO.o
 .debug_loc     0x0000000000000880       0x48 build/default/debug/main.o
 .debug_loc     0x00000000000008c8       0xdf build/default/debug/MCAL/uart.o

.debug_macinfo
 *(.debug_macinfo)

.debug_weaknames
 *(.debug_weaknames)

.debug_funcnames
 *(.debug_funcnames)

.debug_typenames
 *(.debug_typenames)

.debug_varnames
 *(.debug_varnames)

.debug_pubtypes
 *(.debug_pubtypes)

.debug_ranges   0x0000000000000000       0xf8
 *(.debug_ranges)
 .debug_ranges  0x0000000000000000       0x40 build/default/debug/HAL/LCD.o
 .debug_ranges  0x0000000000000040       0x30 build/default/debug/HAL/LED.o
 .debug_ranges  0x0000000000000070       0x48 build/default/debug/MCAL/DIO.o
 .debug_ranges  0x00000000000000b8       0x10 build/default/debug/main.o
 .debug_ranges  0x00000000000000c8       0x30 build/default/debug/MCAL/uart.o

.debug_macro
 *(.debug_macro)
OUTPUT(dist/default/debug/Smart_Home_Atmega32_Firmware.X.debug.elf elf32-avr)
LOAD linker stubs
LOAD data_init

.note.gnu.avr.deviceinfo
                0x0000000000000000       0x3c
 .note.gnu.avr.deviceinfo
                0x0000000000000000       0x3c C:/Program Files/Microchip/MPLABX/v6.20/packs/Microchip/ATmega_DFP/3.1.264/xc8/avr/lib/avr5/crtatmega32.o

.text.DIO_vsetPINDir
                0x00000000000000b0       0xe0
 .text.DIO_vsetPINDir
                0x00000000000000b0       0xe0 build/default/debug/MCAL/DIO.o
                0x00000000000000b0                DIO_vsetPINDir

.text.DIO_write
                0x0000000000000190       0xe0
 .text.DIO_write
                0x0000000000000190       0xe0 build/default/debug/MCAL/DIO.o
                0x0000000000000190                DIO_write

.text.LCD_vInit
                0x0000000000000270       0x98
 .text.LCD_vInit
                0x0000000000000270       0x98 build/default/debug/HAL/LCD.o
                0x0000000000000270                LCD_vInit

.text.main      0x0000000000000308       0x8c
 .text.main     0x0000000000000308       0x8c build/default/debug/main.o
                0x0000000000000308                main

.text.USART_Init
                0x0000000000000394       0x4a
 .text.USART_Init
                0x0000000000000394       0x4a build/default/debug/MCAL/uart.o
                0x0000000000000394                USART_Init

.text.libgcc.div
                0x00000000000003de       0x44
 .text.libgcc.div
                0x00000000000003de       0x44 c:/program files/microchip/xc8/v2.46/avr/bin/../lib/gcc/avr/5.4.0/avr5\libgcc.a(_udivmodsi4.o)
                0x00000000000003de                __udivmodsi4

.text.USART_ReceiveString
                0x0000000000000422       0x42
 .text.USART_ReceiveString
                0x0000000000000422       0x42 build/default/debug/MCAL/uart.o
                0x0000000000000422                USART_ReceiveString

.text.send_falling_edge
                0x0000000000000464       0x2e
 .text.send_falling_edge
                0x0000000000000464       0x2e build/default/debug/HAL/LCD.o

.text.DIO_write_port
                0x0000000000000492       0x26
 .text.DIO_write_port
                0x0000000000000492       0x26 build/default/debug/MCAL/DIO.o
                0x0000000000000492                DIO_write_port

.text.LCD_vSend_string
                0x00000000000004b8       0x1e
 .text.LCD_vSend_string
                0x00000000000004b8       0x1e build/default/debug/HAL/LCD.o
                0x00000000000004b8                LCD_vSend_string

.text.LCD_movecursor
                0x00000000000004d6       0x1c
 .text.LCD_movecursor
                0x00000000000004d6       0x1c build/default/debug/HAL/LCD.o
                0x00000000000004d6                LCD_movecursor

.text.LCD_vSend_cmd
                0x00000000000004f2       0x18
 .text.LCD_vSend_cmd
                0x00000000000004f2       0x18 build/default/debug/HAL/LCD.o
                0x00000000000004f2                LCD_vSend_cmd

.text.LCD_vSend_char
                0x000000000000050a       0x18
 .text.LCD_vSend_char
                0x000000000000050a       0x18 build/default/debug/HAL/LCD.o
                0x000000000000050a                LCD_vSend_char

.text.exit      0x0000000000000522       0x16
 .text.exit     0x0000000000000522       0x16 c:/program files/microchip/xc8/v2.46/avr/bin/../lib/gcc/avr/5.4.0/../../../../avr/lib/avr5\libc.a(exit.o)
                0x0000000000000522                exit

.text.LCD_clearscreen
                0x0000000000000538        0x8
 .text.LCD_clearscreen
                0x0000000000000538        0x8 build/default/debug/HAL/LCD.o
                0x0000000000000538                LCD_clearscreen

.text.LED_vInit
                0x0000000000000540        0x8
 .text.LED_vInit
                0x0000000000000540        0x8 build/default/debug/HAL/LED.o
                0x0000000000000540                LED_vInit

.text.USART_ReceiveByte
                0x0000000000000548        0x8
 .text.USART_ReceiveByte
                0x0000000000000548        0x8 build/default/debug/MCAL/uart.o
                0x0000000000000548                USART_ReceiveByte

.text           0x0000000000000550        0x4
 .text          0x0000000000000550        0x4 C:/Program Files/Microchip/MPLABX/v6.20/packs/Microchip/ATmega_DFP/3.1.264/xc8/avr/lib/avr5/crtatmega32.o
                0x0000000000000550                __vector_1
                0x0000000000000550                __vector_12
                0x0000000000000550                __bad_interrupt
                0x0000000000000550                __vector_6
                0x0000000000000550                __vector_3
                0x0000000000000550                __vector_11
                0x0000000000000550                __vector_13
                0x0000000000000550                __vector_17
                0x0000000000000550                __vector_19
                0x0000000000000550                __vector_7
                0x0000000000000550                __vector_5
                0x0000000000000550                __vector_4
                0x0000000000000550                __vector_9
                0x0000000000000550                __vector_2
                0x0000000000000550                __vector_15
                0x0000000000000550                __vector_8
                0x0000000000000550                __vector_14
                0x0000000000000550                __vector_10
                0x0000000000000550                __vector_16
                0x0000000000000550                __vector_18
                0x0000000000000550                __vector_20

.text._Exit     0x0000000000000554        0x4
 .text._Exit    0x0000000000000554        0x4 c:/program files/microchip/xc8/v2.46/avr/bin/../lib/gcc/avr/5.4.0/../../../../avr/lib/avr5\libc.a(_Exit.o)
                0x0000000000000554                _Exit

.text.__dummy_fini
                0x0000000000000558        0x2
 .text.__dummy_fini
                0x0000000000000558        0x2 c:/program files/microchip/xc8/v2.46/avr/bin/../lib/gcc/avr/5.4.0/../../../../avr/lib/avr5\libc.a(exit.o)
                0x0000000000000558                _fini

.text.__dummy_funcs_on_exit
                0x000000000000055a        0x2
 .text.__dummy_funcs_on_exit
                0x000000000000055a        0x2 c:/program files/microchip/xc8/v2.46/avr/bin/../lib/gcc/avr/5.4.0/../../../../avr/lib/avr5\libc.a(exit.o)
                0x000000000000055a                __funcs_on_exit

.text.__dummy_simulator_exit
                0x000000000000055c        0x2
 .text.__dummy_simulator_exit
                0x000000000000055c        0x2 c:/program files/microchip/xc8/v2.46/avr/bin/../lib/gcc/avr/5.4.0/../../../../avr/lib/avr5\libc.a(exit.o)
                0x000000000000055c                __simulator_exit

.rodata         0x0000000000800060       0xa4 load address 0x000000000000055e
 .rodata        0x0000000000800060       0xa4 build/default/debug/main.o
